2026-09-02 15:53:03,195 | urllib3.connectionpool | WARNING | Retrying (Retry(total=4, connect=None, read=None, redirect=None, status=None)) after connection broken by 'NewConnectionError("HTTPConnection(host='localhost', port=9000): Failed to establish a new connection: [WinError 10061] Подключение не установлено, т.к. конечный компьютер отверг запрос на подключение")': /events?location=
2026-09-02 15:53:07,676 | urllib3.connectionpool | WARNING | Retrying (Retry(total=3, connect=None, read=None, redirect=None, status=None)) after connection broken by 'NewConnectionError("HTTPConnection(host='localhost', port=9000): Failed to establish a new connection: [WinError 10061] Подключение не установлено, т.к. конечный компьютер отверг запрос на подключение")': /events?location=
2026-09-02 15:53:12,569 | urllib3.connectionpool | WARNING | Retrying (Retry(total=2, connect=None, read=None, redirect=None, status=None)) after connection broken by 'NewConnectionError("HTTPConnection(host='localhost', port=9000): Failed to establish a new connection: [WinError 10061] Подключение не установлено, т.к. конечный компьютер отверг запрос на подключение")': /events?location=
2026-09-02 15:53:18,287 | urllib3.connectionpool | WARNING | Retrying (Retry(total=1, connect=None, read=None, redirect=None, status=None)) after connection broken by 'NewConnectionError("HTTPConnection(host='localhost', port=9000): Failed to establish a new connection: [WinError 10061] Подключение не установлено, т.к. конечный компьютер отверг запрос на подключение")': /events?location=
2026-09-02 15:53:25,587 | urllib3.connectionpool | WARNING | Retrying (Retry(total=0, connect=None, read=None, redirect=None, status=None)) after connection broken by 'NewConnectionError("HTTPConnection(host='localhost', port=9000): Failed to establish a new connection: [WinError 10061] Подключение не установлено, т.к. конечный компьютер отверг запрос на подключение")': /events?location=
2026-09-02 15:53:29,621 | root | ERROR | {'error': MinioException(MaxRetryError('HTTPConnectionPool(host=\'localhost\', port=9000): Max retries exceeded with url: /events?location= (Caused by NewConnectionError("HTTPConnection(host=\'localhost\', port=9000): Failed to establish a new connection: [WinError 10061] Подключение не установлено, т.к. конечный компьютер отверг запрос на подключение"))')), 'filename': 'C:\\Projects\\cybersport\\services\\minio_client.py', 'line': 24, 'code': 'raise MinioException(e) from e', 'function': '__set_bucket'}
2026-09-02 15:53:29,622 | root | ERROR | HTTPConnectionPool(host='localhost', port=9000): Max retries exceeded with url: /events?location= (Caused by NewConnectionError("HTTPConnection(host='localhost', port=9000): Failed to establish a new connection: [WinError 10061] Подключение не установлено, т.к. конечный компьютер отверг запрос на подключение"))
Traceback (most recent call last):
  File "C:\SDK\python\Lib\site-packages\urllib3\connection.py", line 204, in _new_conn
    sock = connection.create_connection(
        (self._dns_host, self.port),
    ...<2 lines>...
        socket_options=self.socket_options,
    )
  File "C:\SDK\python\Lib\site-packages\urllib3\util\connection.py", line 85, in create_connection
    raise err
  File "C:\SDK\python\Lib\site-packages\urllib3\util\connection.py", line 73, in create_connection
    sock.connect(sa)
    ~~~~~~~~~~~~^^^^
ConnectionRefusedError: [WinError 10061] Подключение не установлено, т.к. конечный компьютер отверг запрос на подключение

The above exception was the direct cause of the following exception:

Traceback (most recent call last):
  File "C:\SDK\python\Lib\site-packages\urllib3\connectionpool.py", line 788, in urlopen
    response = self._make_request(
        conn,
    ...<10 lines>...
        **response_kw,
    )
  File "C:\SDK\python\Lib\site-packages\urllib3\connectionpool.py", line 493, in _make_request
    conn.request(
    ~~~~~~~~~~~~^
        method,
        ^^^^^^^
    ...<6 lines>...
        enforce_content_length=enforce_content_length,
        ^^^^^^^^^^^^^^^^^^^^^^^^^^^^^^^^^^^^^^^^^^^^^^
    )
    ^
  File "C:\SDK\python\Lib\site-packages\urllib3\connection.py", line 500, in request
    self.endheaders()
    ~~~~~~~~~~~~~~~^^
  File "C:\SDK\python\Lib\http\client.py", line 1381, in endheaders
    self._send_output(message_body, encode_chunked=encode_chunked)
    ~~~~~~~~~~~~~~~~~^^^^^^^^^^^^^^^^^^^^^^^^^^^^^^^^^^^^^^^^^^^^^
  File "C:\SDK\python\Lib\http\client.py", line 1141, in _send_output
    self.send(msg)
    ~~~~~~~~~^^^^^
  File "C:\SDK\python\Lib\http\client.py", line 1085, in send
    self.connect()
    ~~~~~~~~~~~~^^
  File "C:\SDK\python\Lib\site-packages\urllib3\connection.py", line 331, in connect
    self.sock = self._new_conn()
                ~~~~~~~~~~~~~~^^
  File "C:\SDK\python\Lib\site-packages\urllib3\connection.py", line 219, in _new_conn
    raise NewConnectionError(
        self, f"Failed to establish a new connection: {e}"
    ) from e
urllib3.exceptions.NewConnectionError: HTTPConnection(host='localhost', port=9000): Failed to establish a new connection: [WinError 10061] Подключение не установлено, т.к. конечный компьютер отверг запрос на подключение

The above exception was the direct cause of the following exception:

Traceback (most recent call last):
  File "C:\Projects\cybersport\services\minio_client.py", line 21, in __set_bucket
    if not self.client.bucket_exists(bucket_name):
           ~~~~~~~~~~~~~~~~~~~~~~~~~^^^^^^^^^^^^^
  File "C:\SDK\python\Lib\site-packages\minio\api.py", line 700, in bucket_exists
    self._execute("HEAD", bucket_name)
    ~~~~~~~~~~~~~^^^^^^^^^^^^^^^^^^^^^
  File "C:\SDK\python\Lib\site-packages\minio\api.py", line 441, in _execute
    region = self._get_region(bucket_name)
  File "C:\SDK\python\Lib\site-packages\minio\api.py", line 498, in _get_region
    response = self._url_open(
        "GET",
    ...<2 lines>...
        query_params={"location": ""},
    )
  File "C:\SDK\python\Lib\site-packages\minio\api.py", line 306, in _url_open
    response = self._http.urlopen(
        method,
    ...<3 lines>...
        preload_content=preload_content,
    )
  File "C:\SDK\python\Lib\site-packages\urllib3\poolmanager.py", line 457, in urlopen
    response = conn.urlopen(method, u.request_uri, **kw)
  File "C:\SDK\python\Lib\site-packages\urllib3\connectionpool.py", line 872, in urlopen
    return self.urlopen(
           ~~~~~~~~~~~~^
        method,
        ^^^^^^^
    ...<13 lines>...
        **response_kw,
        ^^^^^^^^^^^^^^
    )
    ^
  File "C:\SDK\python\Lib\site-packages\urllib3\connectionpool.py", line 872, in urlopen
    return self.urlopen(
           ~~~~~~~~~~~~^
        method,
        ^^^^^^^
    ...<13 lines>...
        **response_kw,
        ^^^^^^^^^^^^^^
    )
    ^
  File "C:\SDK\python\Lib\site-packages\urllib3\connectionpool.py", line 872, in urlopen
    return self.urlopen(
           ~~~~~~~~~~~~^
        method,
        ^^^^^^^
    ...<13 lines>...
        **response_kw,
        ^^^^^^^^^^^^^^
    )
    ^
  [Previous line repeated 2 more times]
  File "C:\SDK\python\Lib\site-packages\urllib3\connectionpool.py", line 842, in urlopen
    retries = retries.increment(
        method, url, error=new_e, _pool=self, _stacktrace=sys.exc_info()[2]
    )
  File "C:\SDK\python\Lib\site-packages\urllib3\util\retry.py", line 543, in increment
    raise MaxRetryError(_pool, url, reason) from reason  # type: ignore[arg-type]
    ^^^^^^^^^^^^^^^^^^^^^^^^^^^^^^^^^^^^^^^^^^^^^^^^^^^
urllib3.exceptions.MaxRetryError: HTTPConnectionPool(host='localhost', port=9000): Max retries exceeded with url: /events?location= (Caused by NewConnectionError("HTTPConnection(host='localhost', port=9000): Failed to establish a new connection: [WinError 10061] Подключение не установлено, т.к. конечный компьютер отверг запрос на подключение"))

The above exception was the direct cause of the following exception:

Traceback (most recent call last):
  File "C:\Projects\cybersport\scraper\main.py", line 26, in main
    scrape_events()
    ~~~~~~~~~~~~~^^
  File "C:\Projects\cybersport\scraper\events.py", line 15, in scrape_events
    __save_events(events_data)
    ~~~~~~~~~~~~~^^^^^^^^^^^^^
  File "C:\Projects\cybersport\scraper\events.py", line 41, in __save_events
    minio_client.upload_json(MINIO_EVENTS_BUCKET_NAME, events_data, object_name)
    ~~~~~~~~~~~~~~~~~~~~~~~~^^^^^^^^^^^^^^^^^^^^^^^^^^^^^^^^^^^^^^^^^^^^^^^^^^^^
  File "C:\Projects\cybersport\services\minio_client.py", line 27, in upload_json
    self.__set_bucket(bucket_name)
    ~~~~~~~~~~~~~~~~~^^^^^^^^^^^^^
  File "C:\Projects\cybersport\services\minio_client.py", line 24, in __set_bucket
    raise MinioException(e) from e
exceptions.minio.MinioException: HTTPConnectionPool(host='localhost', port=9000): Max retries exceeded with url: /events?location= (Caused by NewConnectionError("HTTPConnection(host='localhost', port=9000): Failed to establish a new connection: [WinError 10061] Подключение не установлено, т.к. конечный компьютер отверг запрос на подключение"))
